// Jest Snapshot v1, https://goo.gl/fbAQLP

exports[`prueba en FirstApp deber de hacer match con el snapshot 1`] = `
<div>
  <h1
    data-testid="test-title"
  >
    Hola, soy Goku
  </h1>
  <h2>
    Subtitulo
  </h2>
  <h2>
    Subtitulo
  </h2>
  <h3>
    Carlos
  </h3>
</div>
`;
